../Drivers/CMSIS/Include/core_cm4.h:1679:22:__NVIC_EnableIRQ	16	static,ignoring_inline_asm
../Core/Src/main.c:100:5:main	8	static
../Core/Src/main.c:176:6:SystemClock_Config	96	static
../Core/Src/main.c:225:6:PeriphCommonClock_Config	144	static
../Core/Src/main.c:251:13:MX_ADC1_Init	48	static
../Core/Src/main.c:318:13:MX_ADC2_Init	32	static
../Core/Src/main.c:376:13:MX_I2C1_Init	8	static
../Core/Src/main.c:424:13:MX_GPIO_Init	40	static
../Core/Src/main.c:467:6:switchModes	4	static
../Core/Src/main.c:473:6:configure_EXTI	8	static
../Core/Src/main.c:490:6:EXTI2_IRQHandler	8	static
../Core/Src/main.c:506:6:SetLCD	8	static
../Core/Src/main.c:555:6:getVoltage	8	static
../Core/Src/main.c:582:6:getCurrent	8	static
../Core/Src/main.c:612:6:getContinuity	4	static
../Core/Src/main.c:624:6:getData	8	static
../Core/Src/main.c:644:6:Error_Handler	4	static,ignoring_inline_asm
