14:44:16 **** Incremental Build of configuration Debug for project multimeter Final ****
make -j20 all 
arm-none-eabi-gcc "../Core/Src/main.c" -mcpu=cortex-m4 -std=gnu11 -g3 -DDEBUG -DUSE_HAL_DRIVER -DSTM32L476xx -c -I../Core/Inc -I../Drivers/STM32L4xx_HAL_Driver/Inc -I../Drivers/STM32L4xx_HAL_Driver/Inc/Legacy -I../Drivers/CMSIS/Device/ST/STM32L4xx/Include -I../Drivers/CMSIS/Include -O0 -ffunction-sections -fdata-sections -Wall -fstack-usage -fcyclomatic-complexity -MMD -MP -MF"Core/Src/main.d" -MT"Core/Src/main.o" --specs=nano.specs -mfpu=fpv4-sp-d16 -mfloat-abi=hard -mthumb -o "Core/Src/main.o"
../Core/Src/main.c: In function 'SetLCD':
../Core/Src/main.c:517:17: warning: implicit declaration of function 'HD44780_Float'; did you mean 'HD44780_Clear'? [-Wimplicit-function-declaration]
  517 |                 HD44780_Float(voltageFinal, 5);
      |                 ^~~~~~~~~~~~~
      |                 HD44780_Clear
../Core/Src/main.c:534:42: warning: passing argument 1 of 'HD44780_PrintSpecialChar' makes integer from pointer without a cast [-Wint-conversion]
  534 |                 HD44780_PrintSpecialChar("µ");
      |                                          ^~~
      |                                          |
      |                                          char *
In file included from ../Core/Src/main.c:25:
../Core/Inc/liquidcrystal_i2c.h:82:31: note: expected 'uint8_t' {aka 'unsigned char'} but argument is of type 'char *'
   82 | void HD44780_PrintSpecialChar(uint8_t);
      |                               ^~~~~~~
arm-none-eabi-gcc -o "multimeter Final.elf" @"objects.list"   -mcpu=cortex-m4 -T"C:\Users\brian\Desktop\ENGR 478 Projects\Multimeter Final Project\multimeter Final\STM32L476RGTX_FLASH.ld" --specs=nosys.specs -Wl,-Map="multimeter Final.map" -Wl,--gc-sections -static --specs=nano.specs -mfpu=fpv4-sp-d16 -mfloat-abi=hard -mthumb -u _printf_float -u _scanf_float -Wl,--start-group -lc -lm -Wl,--end-group
Finished building target: multimeter Final.elf
 
arm-none-eabi-size  multimeter\ Final.elf 
arm-none-eabi-objdump -h -S multimeter\ Final.elf  > "multimeter Final.list"
   text	   data	    bss	    dec	    hex	filename
  43140	    484	   2264	  45888	   b340	multimeter Final.elf
Finished building: default.size.stdout
 
Finished building: multimeter Final.list
 
14:44:35 **** Incremental Build of configuration Debug for project multimeter Final ****
make -j20 all 
arm-none-eabi-size  multimeter\ Final.elf 
   text	   data	    bss	    dec	    hex	filename
  43140	    484	   2264	  45888	   b340	multimeter Final.elf
Finished building: default.size.stdout
 
15:10:23 **** Incremental Build of configuration Debug for project multimeter Final ****
make -j20 all 
arm-none-eabi-gcc "../Core/Src/main.c" -mcpu=cortex-m4 -std=gnu11 -g3 -DDEBUG -DUSE_HAL_DRIVER -DSTM32L476xx -c -I../Core/Inc -I../Drivers/STM32L4xx_HAL_Driver/Inc -I../Drivers/STM32L4xx_HAL_Driver/Inc/Legacy -I../Drivers/CMSIS/Device/ST/STM32L4xx/Include -I../Drivers/CMSIS/Include -O0 -ffunction-sections -fdata-sections -Wall -fstack-usage -fcyclomatic-complexity -MMD -MP -MF"Core/Src/main.d" -MT"Core/Src/main.o" --specs=nano.specs -mfpu=fpv4-sp-d16 -mfloat-abi=hard -mthumb -o "Core/Src/main.o"
../Core/Src/main.c: In function 'SetLCD':
../Core/Src/main.c:517:17: warning: implicit declaration of function 'HD44780_Float'; did you mean 'HD44780_Clear'? [-Wimplicit-function-declaration]
  517 |                 HD44780_Float(voltageFinal, 5);
      |                 ^~~~~~~~~~~~~
      |                 HD44780_Clear
../Core/Src/main.c:534:42: warning: passing argument 1 of 'HD44780_PrintSpecialChar' makes integer from pointer without a cast [-Wint-conversion]
  534 |                 HD44780_PrintSpecialChar("µ");
      |                                          ^~~
      |                                          |
      |                                          char *
In file included from ../Core/Src/main.c:25:
../Core/Inc/liquidcrystal_i2c.h:82:31: note: expected 'uint8_t' {aka 'unsigned char'} but argument is of type 'char *'
   82 | void HD44780_PrintSpecialChar(uint8_t);
      |                               ^~~~~~~
arm-none-eabi-gcc -o "multimeter Final.elf" @"objects.list"   -mcpu=cortex-m4 -T"C:\Users\brian\Desktop\ENGR 478 Projects\Multimeter Final Project\multimeter Final\STM32L476RGTX_FLASH.ld" --specs=nosys.specs -Wl,-Map="multimeter Final.map" -Wl,--gc-sections -static --specs=nano.specs -mfpu=fpv4-sp-d16 -mfloat-abi=hard -mthumb -u _printf_float -u _scanf_float -Wl,--start-group -lc -lm -Wl,--end-group
Finished building target: multimeter Final.elf
 
arm-none-eabi-size  multimeter\ Final.elf 
arm-none-eabi-objdump -h -S multimeter\ Final.elf  > "multimeter Final.list"
   text	   data	    bss	    dec	    hex	filename
  43140	    484	   2264	  45888	   b340	multimeter Final.elf
Finished building: default.size.stdout
 
Finished building: multimeter Final.list
 
15:12:00 **** Incremental Build of configuration Debug for project multimeter Final ****
make -j20 all 
arm-none-eabi-gcc "../Core/Src/main.c" -mcpu=cortex-m4 -std=gnu11 -g3 -DDEBUG -DUSE_HAL_DRIVER -DSTM32L476xx -c -I../Core/Inc -I../Drivers/STM32L4xx_HAL_Driver/Inc -I../Drivers/STM32L4xx_HAL_Driver/Inc/Legacy -I../Drivers/CMSIS/Device/ST/STM32L4xx/Include -I../Drivers/CMSIS/Include -O0 -ffunction-sections -fdata-sections -Wall -fstack-usage -fcyclomatic-complexity -MMD -MP -MF"Core/Src/main.d" -MT"Core/Src/main.o" --specs=nano.specs -mfpu=fpv4-sp-d16 -mfloat-abi=hard -mthumb -o "Core/Src/main.o"
../Core/Src/main.c: In function 'SetLCD':
../Core/Src/main.c:517:17: warning: implicit declaration of function 'HD44780_Float'; did you mean 'HD44780_Clear'? [-Wimplicit-function-declaration]
  517 |                 HD44780_Float(voltageFinal, 5);
      |                 ^~~~~~~~~~~~~
      |                 HD44780_Clear
../Core/Src/main.c:534:42: warning: passing argument 1 of 'HD44780_PrintSpecialChar' makes integer from pointer without a cast [-Wint-conversion]
  534 |                 HD44780_PrintSpecialChar("µ");
      |                                          ^~~
      |                                          |
      |                                          char *
In file included from ../Core/Src/main.c:25:
../Core/Inc/liquidcrystal_i2c.h:82:31: note: expected 'uint8_t' {aka 'unsigned char'} but argument is of type 'char *'
   82 | void HD44780_PrintSpecialChar(uint8_t);
      |                               ^~~~~~~
arm-none-eabi-gcc -o "multimeter Final.elf" @"objects.list"   -mcpu=cortex-m4 -T"C:\Users\brian\Desktop\ENGR 478 Projects\Multimeter Final Project\multimeter Final\STM32L476RGTX_FLASH.ld" --specs=nosys.specs -Wl,-Map="multimeter Final.map" -Wl,--gc-sections -static --specs=nano.specs -mfpu=fpv4-sp-d16 -mfloat-abi=hard -mthumb -u _printf_float -u _scanf_float -Wl,--start-group -lc -lm -Wl,--end-group
Finished building target: multimeter Final.elf
 
arm-none-eabi-size  multimeter\ Final.elf 
arm-none-eabi-objdump -h -S multimeter\ Final.elf  > "multimeter Final.list"
   text	   data	    bss	    dec	    hex	filename
  43140	    484	   2264	  45888	   b340	multimeter Final.elf
Finished building: default.size.stdout
 
Finished building: multimeter Final.list
 
15:20:01 **** Incremental Build of configuration Debug for project multimeter Final ****
make -j20 all 
arm-none-eabi-gcc "../Core/Src/main.c" -mcpu=cortex-m4 -std=gnu11 -g3 -DDEBUG -DUSE_HAL_DRIVER -DSTM32L476xx -c -I../Core/Inc -I../Drivers/STM32L4xx_HAL_Driver/Inc -I../Drivers/STM32L4xx_HAL_Driver/Inc/Legacy -I../Drivers/CMSIS/Device/ST/STM32L4xx/Include -I../Drivers/CMSIS/Include -O0 -ffunction-sections -fdata-sections -Wall -fstack-usage -fcyclomatic-complexity -MMD -MP -MF"Core/Src/main.d" -MT"Core/Src/main.o" --specs=nano.specs -mfpu=fpv4-sp-d16 -mfloat-abi=hard -mthumb -o "Core/Src/main.o"
../Core/Src/main.c: In function 'SetLCD':
../Core/Src/main.c:518:17: warning: implicit declaration of function 'HD44780_Float'; did you mean 'HD44780_Clear'? [-Wimplicit-function-declaration]
  518 |                 HD44780_Float(voltageFinal, 5);
      |                 ^~~~~~~~~~~~~
      |                 HD44780_Clear
../Core/Src/main.c:535:42: warning: passing argument 1 of 'HD44780_PrintSpecialChar' makes integer from pointer without a cast [-Wint-conversion]
  535 |                 HD44780_PrintSpecialChar("µ");
      |                                          ^~~
      |                                          |
      |                                          char *
In file included from ../Core/Src/main.c:25:
../Core/Inc/liquidcrystal_i2c.h:82:31: note: expected 'uint8_t' {aka 'unsigned char'} but argument is of type 'char *'
   82 | void HD44780_PrintSpecialChar(uint8_t);
      |                               ^~~~~~~
arm-none-eabi-gcc -o "multimeter Final.elf" @"objects.list"   -mcpu=cortex-m4 -T"C:\Users\brian\Desktop\ENGR 478 Projects\Multimeter Final Project\multimeter Final\STM32L476RGTX_FLASH.ld" --specs=nosys.specs -Wl,-Map="multimeter Final.map" -Wl,--gc-sections -static --specs=nano.specs -mfpu=fpv4-sp-d16 -mfloat-abi=hard -mthumb -u _printf_float -u _scanf_float -Wl,--start-group -lc -lm -Wl,--end-group
Finished building target: multimeter Final.elf
 
arm-none-eabi-size  multimeter\ Final.elf 
arm-none-eabi-objdump -h -S multimeter\ Final.elf  > "multimeter Final.list"
   text	   data	    bss	    dec	    hex	filename
  43164	    484	   2264	  45912	   b358	multimeter Final.elf
Finished building: default.size.stdout
 
Finished building: multimeter Final.list
 
15:20:36 **** Incremental Build of configuration Debug for project multimeter Final ****
make -j20 all 
arm-none-eabi-gcc "../Core/Src/main.c" -mcpu=cortex-m4 -std=gnu11 -g3 -DDEBUG -DUSE_HAL_DRIVER -DSTM32L476xx -c -I../Core/Inc -I../Drivers/STM32L4xx_HAL_Driver/Inc -I../Drivers/STM32L4xx_HAL_Driver/Inc/Legacy -I../Drivers/CMSIS/Device/ST/STM32L4xx/Include -I../Drivers/CMSIS/Include -O0 -ffunction-sections -fdata-sections -Wall -fstack-usage -fcyclomatic-complexity -MMD -MP -MF"Core/Src/main.d" -MT"Core/Src/main.o" --specs=nano.specs -mfpu=fpv4-sp-d16 -mfloat-abi=hard -mthumb -o "Core/Src/main.o"
../Core/Src/main.c: In function 'SetLCD':
../Core/Src/main.c:517:17: warning: implicit declaration of function 'HD44780_Float'; did you mean 'HD44780_Clear'? [-Wimplicit-function-declaration]
  517 |                 HD44780_Float(voltageFinal, 5);
      |                 ^~~~~~~~~~~~~
      |                 HD44780_Clear
../Core/Src/main.c:534:42: warning: passing argument 1 of 'HD44780_PrintSpecialChar' makes integer from pointer without a cast [-Wint-conversion]
  534 |                 HD44780_PrintSpecialChar("µ");
      |                                          ^~~
      |                                          |
      |                                          char *
In file included from ../Core/Src/main.c:25:
../Core/Inc/liquidcrystal_i2c.h:82:31: note: expected 'uint8_t' {aka 'unsigned char'} but argument is of type 'char *'
   82 | void HD44780_PrintSpecialChar(uint8_t);
      |                               ^~~~~~~
arm-none-eabi-gcc -o "multimeter Final.elf" @"objects.list"   -mcpu=cortex-m4 -T"C:\Users\brian\Desktop\ENGR 478 Projects\Multimeter Final Project\multimeter Final\STM32L476RGTX_FLASH.ld" --specs=nosys.specs -Wl,-Map="multimeter Final.map" -Wl,--gc-sections -static --specs=nano.specs -mfpu=fpv4-sp-d16 -mfloat-abi=hard -mthumb -u _printf_float -u _scanf_float -Wl,--start-group -lc -lm -Wl,--end-group
Finished building target: multimeter Final.elf
 
arm-none-eabi-size  multimeter\ Final.elf 
arm-none-eabi-objdump -h -S multimeter\ Final.elf  > "multimeter Final.list"
   text	   data	    bss	    dec	    hex	filename
  43140	    484	   2264	  45888	   b340	multimeter Final.elf
Finished building: default.size.stdout
 
Finished building: multimeter Final.list
 
